This is pdfTeX, Version 3.141592653-2.6-1.40.27 (TeX Live 2025/GNU Guix) (preloaded format=mptopdf 2025.9.27)  22 NOV 2025 17:14
 restricted \write18 enabled.
 %&-line parsing enabled.
**\relax test.1
 (./test.1) [1] 
Here is how much of TeX's memory you used:
 20 strings out of 496673
 209 string characters out of 6199629
 4015257 words of memory out of 9000463
 1689 multiletter control sequences out of 15000+600000
 7 words of font info for 0 fonts, out of 8000000 for 9000
 0 hyphenation exceptions out of 8191
 10i,3n,7p,108b,193s stack positions out of 10000i,1000n,20000p,200000b,200000s

Output written on test.pdf (1 page, 1316 bytes).
PDF statistics:
 8 PDF objects out of 1000 (max. 8388607)
 0 named destinations out of 1000 (max. 500000)
 7 words of extra memory for PDF output out of 10000 (max. 10000000)

